** Drc report for KBoard.kicad_pcb **
** Created on 2026-09-15T19:10:13 **
** Report includes: Errors **

** Found 8 DRC violations **
[hole_clearance]: Hole clearance violation (board setup constraints hole clearance 0.2500 mm; actual 0.1847 mm)
    Rule: board setup constraints hole; error
    @(60.4800 mm, 30.7450 mm): Pad B12 [GND] of J1 on B.Cu
    @(60.7900 mm, 29.6800 mm): NPTH pad of J1
[hole_clearance]: Hole clearance violation (board setup constraints hole clearance 0.2500 mm; actual 0.1847 mm)
    Rule: board setup constraints hole; error
    @(66.8800 mm, 30.7450 mm): Pad B1 [GND] of J1 on B.Cu
    @(66.5700 mm, 29.6800 mm): NPTH pad of J1
[hole_clearance]: Hole clearance violation (board setup constraints hole clearance 0.2500 mm; actual 0.1847 mm)
    Rule: board setup constraints hole; error
    @(66.8800 mm, 30.7450 mm): Pad A12 [GND] of J1 on B.Cu
    @(66.5700 mm, 29.6800 mm): NPTH pad of J1
[hole_clearance]: Hole clearance violation (board setup constraints hole clearance 0.2500 mm; actual 0.1847 mm)
    Rule: board setup constraints hole; error
    @(60.4800 mm, 30.7450 mm): Pad A1 [GND] of J1 on B.Cu
    @(60.7900 mm, 29.6800 mm): NPTH pad of J1
[starved_thermal]: Thermal relief connection to zone incomplete (layer B.Cu; zone min spoke count 2; actual 1)
    Local override; error
    @(28.5000 mm, 24.5000 mm): Zone [GND] on F.Cu and B.Cu, priority 0
    @(60.4800 mm, 30.7450 mm): Pad B12 [GND] of J1 on B.Cu
[starved_thermal]: Thermal relief connection to zone incomplete (layer B.Cu; zone min spoke count 2; actual 1)
    Local override; error
    @(28.5000 mm, 24.5000 mm): Zone [GND] on F.Cu and B.Cu, priority 0
    @(66.8800 mm, 30.7450 mm): Pad B1 [GND] of J1 on B.Cu
[starved_thermal]: Thermal relief connection to zone incomplete (layer B.Cu; zone min spoke count 2; actual 1)
    Local override; error
    @(28.5000 mm, 24.5000 mm): Zone [GND] on F.Cu and B.Cu, priority 0
    @(66.8800 mm, 30.7450 mm): Pad A12 [GND] of J1 on B.Cu
[starved_thermal]: Thermal relief connection to zone incomplete (layer B.Cu; zone min spoke count 2; actual 1)
    Local override; error
    @(28.5000 mm, 24.5000 mm): Zone [GND] on F.Cu and B.Cu, priority 0
    @(60.4800 mm, 30.7450 mm): Pad A1 [GND] of J1 on B.Cu

** Found 0 unconnected pads **

** Found 0 Footprint errors **

** Ignored checks **
    - Footprint has no courtyard defined
    - Track endpoint not centered on via
    - Tuning profile track geometries
    - Footprint doesn't match symbol's footprint filters
    - Footprint component type doesn't match footprint pads

** End of Report **
